<html>
<body>
<pre>
<h1>礦ision Build Log</h1>
<h2>Tool Versions:</h2>
IDE-Version: μVision V5.14.0.0
Copyright (C) 2015 ARM Ltd and ARM Germany GmbH. All rights reserved.
License Information: dyq abc, cau, LIC=V859U-S2PBT-ULNCE-5EL57-AANNS-03DYS
 
Tool Versions:
Toolchain:       MDK-ARM Professional  Version: 5.14.0.0
Toolchain Path:  C:\software\ARM\ARMCC\Bin
C Compiler:      Armcc.exe V5.05 update 1 (build 106)
Assembler:       Armasm.exe V5.05 update 1 (build 106)
Linker/Locator:  ArmLink.exe V5.05 update 1 (build 106)
Library Manager: ArmAr.exe V5.05 update 1 (build 106)
Hex Converter:   FromElf.exe V5.05 update 1 (build 106)
CPU DLL:         SARMCM3.DLL V5.14.0.0
Dialog DLL:      DCM.DLL V1.13.1.0
Target DLL:      UL2CM3.DLL V1.155.0.0
Dialog DLL:      TCM.DLL V1.14.4.0
 
<h2>Project:</h2>
F:\变量播种\ADL060-10Amotor_driver\USER\motor_driver.uvprojx
Project File Date:  05/05/2018

<h2>Output:</h2>
Rebuild target 'driver'
compiling main.c...
main.c(39): warning:  #1-D: last line of file ends without a newline
  }
main.c: 1 warning, 0 errors
compiling system_stm32f10x.c...
compiling stm32f10x_it.c...
compiling YTCH_Driver.c...
YTCH_Driver.c(216): warning:  #111-D: statement is unreachable
                                break;
YTCH_Driver.c(228): warning:  #111-D: statement is unreachable
                                break;
YTCH_Driver.c(242): warning:  #111-D: statement is unreachable
                                break;
YTCH_Driver.c(245): warning:  #111-D: statement is unreachable
                                        break;                          
YTCH_Driver.c: 4 warnings, 0 errors
compiling delay.c...
compiling sys.c...
compiling usart.c...
compiling driver.c...
compiling can.c...
..\HARDWARE\can.c(201): warning:  #223-D: function "CAN_Master_Handler" declared implicitly
      CAN_Master_Handler(&RxMessage);
..\HARDWARE\can.c: 1 warning, 0 errors
compiling timer2.c...
compiling misc.c...
compiling stm32f10x_adc.c...
compiling stm32f10x_bkp.c...
compiling stm32f10x_can.c...
compiling stm32f10x_cec.c...
compiling stm32f10x_crc.c...
compiling stm32f10x_dac.c...
compiling stm32f10x_dbgmcu.c...
compiling stm32f10x_dma.c...
compiling stm32f10x_exti.c...
compiling stm32f10x_flash.c...
compiling stm32f10x_fsmc.c...
compiling stm32f10x_gpio.c...
compiling stm32f10x_i2c.c...
compiling stm32f10x_iwdg.c...
compiling stm32f10x_pwr.c...
compiling stm32f10x_rcc.c...
compiling stm32f10x_rtc.c...
compiling stm32f10x_sdio.c...
compiling stm32f10x_spi.c...
compiling stm32f10x_tim.c...
compiling stm32f10x_usart.c...
compiling stm32f10x_wwdg.c...
compiling core_cm3.c...
assembling startup_stm32f10x_cl.s...
linking...
Program Size: Code=4496 RO-data=368 RW-data=40 ZI-data=1856  
FromELF: creating hex file...
"..\OBJ\motor_driver.axf" - 0 Error(s), 6 Warning(s).

<h2>Collection of Component include folders:</h2>
  F:\变量播种\ADL060-10Amotor_driver\USER\RTE
  C:\software\ARM\PACK\Keil\STM32F1xx_DFP\1.0.5\Device\Include

<h2>Collection of Component Files used:</h2>
</pre>
</body>
</html>
